
[2026-01-23 14:25:52.088025] Error: Traceback (most recent call last):
  File "/home/suryaremanan/Documents/gemini-hackathon/BatteryForgeAI/backend/api/routes.py", line 116, in chat_endpoint
    result = await agent_service.chat(
             ^^^^^^^^^^^^^^^^^^^^^^^^^
    ...<5 lines>...
    )
    ^
  File "/home/suryaremanan/Documents/gemini-hackathon/BatteryForgeAI/backend/services/agent_service.py", line 100, in chat
    return await self._run_fallback_agent(
           ^^^^^^^^^^^^^^^^^^^^^^^^^^^^^^^
    ...<3 lines>...
    )
    ^
  File "/home/suryaremanan/Documents/gemini-hackathon/BatteryForgeAI/backend/services/agent_service.py", line 180, in _run_fallback_agent
    response = chat.send_message([message])
  File "/home/suryaremanan/Documents/gemini-hackathon/BatteryForgeAI/backend/venv/lib/python3.13/site-packages/google/generativeai/generative_models.py", line 591, in send_message
    self.history, content, response = self._handle_afc(
                                      ~~~~~~~~~~~~~~~~^
        response=response,
        ^^^^^^^^^^^^^^^^^^
    ...<5 lines>...
        request_options=request_options,
        ^^^^^^^^^^^^^^^^^^^^^^^^^^^^^^^^
    )
    ^
  File "/home/suryaremanan/Documents/gemini-hackathon/BatteryForgeAI/backend/venv/lib/python3.13/site-packages/google/generativeai/generative_models.py", line 647, in _handle_afc
    fr = tools_lib(fc)
  File "/home/suryaremanan/Documents/gemini-hackathon/BatteryForgeAI/backend/venv/lib/python3.13/site-packages/google/generativeai/types/content_types.py", line 881, in __call__
    response = declaration(fc)
  File "/home/suryaremanan/Documents/gemini-hackathon/BatteryForgeAI/backend/venv/lib/python3.13/site-packages/google/generativeai/types/content_types.py", line 641, in __call__
    result = self.function(**fc.args)
  File "/home/suryaremanan/Documents/gemini-hackathon/BatteryForgeAI/backend/services/gemini_service.py", line 625, in tool_predict_battery_life
    data = aging_service.generate_aging_curve(current_cycle=800)
TypeError: AgingService.generate_aging_curve() got an unexpected keyword argument 'current_cycle'


[2026-01-23 14:30:27.049353] Error: Traceback (most recent call last):
  File "/home/suryaremanan/Documents/gemini-hackathon/BatteryForgeAI/backend/api/routes.py", line 116, in chat_endpoint
    result = await agent_service.chat(
             ^^^^^^^^^^^^^^^^^^^^^^^^^
    ...<5 lines>...
    )
    ^
  File "/home/suryaremanan/Documents/gemini-hackathon/BatteryForgeAI/backend/services/agent_service.py", line 102, in chat
    return await self._run_fallback_agent(
           ^^^^^^^^^^^^^^^^^^^^^^^^^^^^^^^
    ...<3 lines>...
    )
    ^
  File "/home/suryaremanan/Documents/gemini-hackathon/BatteryForgeAI/backend/services/agent_service.py", line 182, in _run_fallback_agent
    formatted_history.append({
       ^^^^^^^^^^^^^^^^^^^^^^^
  File "/home/suryaremanan/Documents/gemini-hackathon/BatteryForgeAI/backend/venv/lib/python3.13/site-packages/google/generativeai/generative_models.py", line 591, in send_message
    self.history, content, response = self._handle_afc(
                                      ~~~~~~~~~~~~~~~~^
        response=response,
        ^^^^^^^^^^^^^^^^^^
    ...<5 lines>...
        request_options=request_options,
        ^^^^^^^^^^^^^^^^^^^^^^^^^^^^^^^^
    )
    ^
  File "/home/suryaremanan/Documents/gemini-hackathon/BatteryForgeAI/backend/venv/lib/python3.13/site-packages/google/generativeai/generative_models.py", line 647, in _handle_afc
    fr = tools_lib(fc)
  File "/home/suryaremanan/Documents/gemini-hackathon/BatteryForgeAI/backend/venv/lib/python3.13/site-packages/google/generativeai/types/content_types.py", line 881, in __call__
    response = declaration(fc)
  File "/home/suryaremanan/Documents/gemini-hackathon/BatteryForgeAI/backend/venv/lib/python3.13/site-packages/google/generativeai/types/content_types.py", line 641, in __call__
    result = self.function(**fc.args)
  File "/home/suryaremanan/Documents/gemini-hackathon/BatteryForgeAI/backend/services/gemini_service.py", line 625, in tool_predict_battery_life
    data = aging_service.generate_aging_curve(current_cycle=800)
TypeError: AgingService.generate_aging_curve() got an unexpected keyword argument 'current_cycle'


[2026-01-23 14:32:01.117416] Error: Traceback (most recent call last):
  File "/home/suryaremanan/Documents/gemini-hackathon/BatteryForgeAI/backend/api/routes.py", line 116, in chat_endpoint
    result = await agent_service.chat(
             ^^^^^^^^^^^^^^^^^^^^^^^^^
    ...<5 lines>...
    )
    ^
  File "/home/suryaremanan/Documents/gemini-hackathon/BatteryForgeAI/backend/services/agent_service.py", line 102, in chat
    return await self._run_fallback_agent(
           ^^^^^^^^^^^^^^^^^^^^^^^^^^^^^^^
    ...<3 lines>...
    )
    ^
  File "/home/suryaremanan/Documents/gemini-hackathon/BatteryForgeAI/backend/services/agent_service.py", line 194, in _run_fallback_agent
    response = chat.send_message([message])
  File "/home/suryaremanan/Documents/gemini-hackathon/BatteryForgeAI/backend/venv/lib/python3.13/site-packages/google/generativeai/generative_models.py", line 591, in send_message
    self.history, content, response = self._handle_afc(
                                      ~~~~~~~~~~~~~~~~^
        response=response,
        ^^^^^^^^^^^^^^^^^^
    ...<5 lines>...
        request_options=request_options,
        ^^^^^^^^^^^^^^^^^^^^^^^^^^^^^^^^
    )
    ^
  File "/home/suryaremanan/Documents/gemini-hackathon/BatteryForgeAI/backend/venv/lib/python3.13/site-packages/google/generativeai/generative_models.py", line 647, in _handle_afc
    fr = tools_lib(fc)
  File "/home/suryaremanan/Documents/gemini-hackathon/BatteryForgeAI/backend/venv/lib/python3.13/site-packages/google/generativeai/types/content_types.py", line 881, in __call__
    response = declaration(fc)
  File "/home/suryaremanan/Documents/gemini-hackathon/BatteryForgeAI/backend/venv/lib/python3.13/site-packages/google/generativeai/types/content_types.py", line 641, in __call__
    result = self.function(**fc.args)
  File "/home/suryaremanan/Documents/gemini-hackathon/BatteryForgeAI/backend/services/gemini_service.py", line 625, in tool_predict_battery_life
    data = aging_service.generate_aging_curve(current_cycle=800)
TypeError: AgingService.generate_aging_curve() got an unexpected keyword argument 'current_cycle'


[2026-01-23 14:33:42.071013] Error: Traceback (most recent call last):
  File "/home/suryaremanan/Documents/gemini-hackathon/BatteryForgeAI/backend/api/routes.py", line 116, in chat_endpoint
    result = await agent_service.chat(
             ^^^^^^^^^^^^^^^^^^^^^^^^^
    ...<5 lines>...
    )
    ^
  File "/home/suryaremanan/Documents/gemini-hackathon/BatteryForgeAI/backend/services/agent_service.py", line 102, in chat
    return await self._run_fallback_agent(
           ^^^^^^^^^^^^^^^^^^^^^^^^^^^^^^^
    ...<3 lines>...
    )
    ^
  File "/home/suryaremanan/Documents/gemini-hackathon/BatteryForgeAI/backend/services/agent_service.py", line 197, in _run_fallback_agent
    response = chat.send_message([message])
  File "/home/suryaremanan/Documents/gemini-hackathon/BatteryForgeAI/backend/venv/lib/python3.13/site-packages/google/generativeai/generative_models.py", line 591, in send_message
    self.history, content, response = self._handle_afc(
                                      ~~~~~~~~~~~~~~~~^
        response=response,
        ^^^^^^^^^^^^^^^^^^
    ...<5 lines>...
        request_options=request_options,
        ^^^^^^^^^^^^^^^^^^^^^^^^^^^^^^^^
    )
    ^
  File "/home/suryaremanan/Documents/gemini-hackathon/BatteryForgeAI/backend/venv/lib/python3.13/site-packages/google/generativeai/generative_models.py", line 647, in _handle_afc
    fr = tools_lib(fc)
  File "/home/suryaremanan/Documents/gemini-hackathon/BatteryForgeAI/backend/venv/lib/python3.13/site-packages/google/generativeai/types/content_types.py", line 881, in __call__
    response = declaration(fc)
  File "/home/suryaremanan/Documents/gemini-hackathon/BatteryForgeAI/backend/venv/lib/python3.13/site-packages/google/generativeai/types/content_types.py", line 641, in __call__
    result = self.function(**fc.args)
  File "/home/suryaremanan/Documents/gemini-hackathon/BatteryForgeAI/backend/services/gemini_service.py", line 625, in tool_predict_battery_life
    data = aging_service.generate_aging_curve(current_cycle=800)
TypeError: AgingService.generate_aging_curve() got an unexpected keyword argument 'current_cycle'


[2026-01-23 14:37:39.517117] Error: Traceback (most recent call last):
  File "/home/suryaremanan/Documents/gemini-hackathon/BatteryForgeAI/backend/api/routes.py", line 116, in chat_endpoint
    result = await agent_service.chat(
             ^^^^^^^^^^^^^^^^^^^^^^^^^
    ...<5 lines>...
    )
    ^
  File "/home/suryaremanan/Documents/gemini-hackathon/BatteryForgeAI/backend/services/agent_service.py", line 102, in chat
    return await self._run_fallback_agent(
           ^^^^^^^^^^^^^^^^^^^^^^^^^^^^^^^
    ...<3 lines>...
    )
    ^
  File "/home/suryaremanan/Documents/gemini-hackathon/BatteryForgeAI/backend/services/agent_service.py", line 197, in _run_fallback_agent
    response = chat.send_message([message])
  File "/home/suryaremanan/Documents/gemini-hackathon/BatteryForgeAI/backend/venv/lib/python3.13/site-packages/google/generativeai/generative_models.py", line 591, in send_message
    self.history, content, response = self._handle_afc(
                                      ~~~~~~~~~~~~~~~~^
        response=response,
        ^^^^^^^^^^^^^^^^^^
    ...<5 lines>...
        request_options=request_options,
        ^^^^^^^^^^^^^^^^^^^^^^^^^^^^^^^^
    )
    ^
  File "/home/suryaremanan/Documents/gemini-hackathon/BatteryForgeAI/backend/venv/lib/python3.13/site-packages/google/generativeai/generative_models.py", line 647, in _handle_afc
    fr = tools_lib(fc)
  File "/home/suryaremanan/Documents/gemini-hackathon/BatteryForgeAI/backend/venv/lib/python3.13/site-packages/google/generativeai/types/content_types.py", line 881, in __call__
    response = declaration(fc)
  File "/home/suryaremanan/Documents/gemini-hackathon/BatteryForgeAI/backend/venv/lib/python3.13/site-packages/google/generativeai/types/content_types.py", line 641, in __call__
    result = self.function(**fc.args)
  File "/home/suryaremanan/Documents/gemini-hackathon/BatteryForgeAI/backend/services/gemini_service.py", line 625, in tool_predict_battery_life
    data = aging_service.generate_aging_curve(current_cycle=800)
TypeError: AgingService.generate_aging_curve() got an unexpected keyword argument 'current_cycle'


[2026-01-24 10:39:07.964594] Error: Traceback (most recent call last):
  File "/home/suryaremanan/Documents/gemini-hackathon/BatteryForgeAI/backend/api/routes.py", line 116, in chat_endpoint
    result = await agent_service.chat(
             ^^^^^^^^^^^^^^^^^^^^^^^^^
    ...<5 lines>...
    )
    ^
  File "/home/suryaremanan/Documents/gemini-hackathon/BatteryForgeAI/backend/services/agent_service.py", line 96, in chat
    return await self._run_fallback_agent(
           ^^^^^^^^^^^^^^^^^^^^^^^^^^^^^^^
    ...<3 lines>...
    )
    ^
  File "/home/suryaremanan/Documents/gemini-hackathon/BatteryForgeAI/backend/services/agent_service.py", line 199, in _run_fallback_agent
    response = chat.send_message([message])
  File "/home/suryaremanan/Documents/gemini-hackathon/BatteryForgeAI/backend/venv/lib/python3.13/site-packages/google/generativeai/generative_models.py", line 578, in send_message
    response = self.model.generate_content(
        contents=history,
    ...<5 lines>...
        request_options=request_options,
    )
  File "/home/suryaremanan/Documents/gemini-hackathon/BatteryForgeAI/backend/venv/lib/python3.13/site-packages/google/generativeai/generative_models.py", line 317, in generate_content
    self._client = client.get_default_generative_client()
                   ~~~~~~~~~~~~~~~~~~~~~~~~~~~~~~~~~~~~^^
  File "/home/suryaremanan/Documents/gemini-hackathon/BatteryForgeAI/backend/venv/lib/python3.13/site-packages/google/generativeai/client.py", line 360, in get_default_generative_client
    return _client_manager.get_default_client("generative")
           ~~~~~~~~~~~~~~~~~~~~~~~~~~~~~~~~~~^^^^^^^^^^^^^^
  File "/home/suryaremanan/Documents/gemini-hackathon/BatteryForgeAI/backend/venv/lib/python3.13/site-packages/google/generativeai/client.py", line 289, in get_default_client
    client = self.make_client(name)
  File "/home/suryaremanan/Documents/gemini-hackathon/BatteryForgeAI/backend/venv/lib/python3.13/site-packages/google/generativeai/client.py", line 249, in make_client
    raise e
  File "/home/suryaremanan/Documents/gemini-hackathon/BatteryForgeAI/backend/venv/lib/python3.13/site-packages/google/generativeai/client.py", line 241, in make_client
    client = cls(**self.client_config)
  File "/home/suryaremanan/Documents/gemini-hackathon/BatteryForgeAI/backend/venv/lib/python3.13/site-packages/google/ai/generativelanguage_v1beta/services/generative_service/client.py", line 667, in __init__
    self._transport = transport_init(
                      ~~~~~~~~~~~~~~^
        credentials=credentials,
        ^^^^^^^^^^^^^^^^^^^^^^^^
    ...<7 lines>...
        api_audience=self._client_options.api_audience,
        ^^^^^^^^^^^^^^^^^^^^^^^^^^^^^^^^^^^^^^^^^^^^^^^
    )
    ^
  File "/home/suryaremanan/Documents/gemini-hackathon/BatteryForgeAI/backend/venv/lib/python3.13/site-packages/google/ai/generativelanguage_v1beta/services/generative_service/transports/grpc.py", line 235, in __init__
    super().__init__(
    ~~~~~~~~~~~~~~~~^
        host=host,
        ^^^^^^^^^^
    ...<6 lines>...
        api_audience=api_audience,
        ^^^^^^^^^^^^^^^^^^^^^^^^^^
    )
    ^
  File "/home/suryaremanan/Documents/gemini-hackathon/BatteryForgeAI/backend/venv/lib/python3.13/site-packages/google/ai/generativelanguage_v1beta/services/generative_service/transports/base.py", line 100, in __init__
    credentials, _ = google.auth.default(
                     ~~~~~~~~~~~~~~~~~~~^
        **scopes_kwargs, quota_project_id=quota_project_id
        ^^^^^^^^^^^^^^^^^^^^^^^^^^^^^^^^^^^^^^^^^^^^^^^^^^
    )
    ^
  File "/home/suryaremanan/Documents/gemini-hackathon/BatteryForgeAI/backend/venv/lib/python3.13/site-packages/google/auth/_default.py", line 752, in default
    raise exceptions.DefaultCredentialsError(_CLOUD_SDK_MISSING_CREDENTIALS)
google.auth.exceptions.DefaultCredentialsError: 
  No API_KEY or ADC found. Please either:
    - Set the `GOOGLE_API_KEY` environment variable.
    - Manually pass the key with `genai.configure(api_key=my_api_key)`.
    - Or set up Application Default Credentials, see https://ai.google.dev/gemini-api/docs/oauth for more information.


[2026-01-24 10:40:17.224083] Error: Traceback (most recent call last):
  File "/home/suryaremanan/Documents/gemini-hackathon/BatteryForgeAI/backend/api/routes.py", line 116, in chat_endpoint
    result = await agent_service.chat(
             ^^^^^^^^^^^^^^^^^^^^^^^^^
    ...<5 lines>...
    )
    ^
  File "/home/suryaremanan/Documents/gemini-hackathon/BatteryForgeAI/backend/services/agent_service.py", line 96, in chat
    return await self._run_fallback_agent(
           ^^^^^^^^^^^^^^^^^^^^^^^^^^^^^^^
    ...<3 lines>...
    )
    ^
  File "/home/suryaremanan/Documents/gemini-hackathon/BatteryForgeAI/backend/services/agent_service.py", line 199, in _run_fallback_agent
    response = chat.send_message([message])
  File "/home/suryaremanan/Documents/gemini-hackathon/BatteryForgeAI/backend/venv/lib/python3.13/site-packages/google/generativeai/generative_models.py", line 578, in send_message
    response = self.model.generate_content(
        contents=history,
    ...<5 lines>...
        request_options=request_options,
    )
  File "/home/suryaremanan/Documents/gemini-hackathon/BatteryForgeAI/backend/venv/lib/python3.13/site-packages/google/generativeai/generative_models.py", line 317, in generate_content
    self._client = client.get_default_generative_client()
                   ~~~~~~~~~~~~~~~~~~~~~~~~~~~~~~~~~~~~^^
  File "/home/suryaremanan/Documents/gemini-hackathon/BatteryForgeAI/backend/venv/lib/python3.13/site-packages/google/generativeai/client.py", line 360, in get_default_generative_client
    return _client_manager.get_default_client("generative")
           ~~~~~~~~~~~~~~~~~~~~~~~~~~~~~~~~~~^^^^^^^^^^^^^^
  File "/home/suryaremanan/Documents/gemini-hackathon/BatteryForgeAI/backend/venv/lib/python3.13/site-packages/google/generativeai/client.py", line 289, in get_default_client
    client = self.make_client(name)
  File "/home/suryaremanan/Documents/gemini-hackathon/BatteryForgeAI/backend/venv/lib/python3.13/site-packages/google/generativeai/client.py", line 249, in make_client
    raise e
  File "/home/suryaremanan/Documents/gemini-hackathon/BatteryForgeAI/backend/venv/lib/python3.13/site-packages/google/generativeai/client.py", line 241, in make_client
    client = cls(**self.client_config)
  File "/home/suryaremanan/Documents/gemini-hackathon/BatteryForgeAI/backend/venv/lib/python3.13/site-packages/google/ai/generativelanguage_v1beta/services/generative_service/client.py", line 667, in __init__
    self._transport = transport_init(
                      ~~~~~~~~~~~~~~^
        credentials=credentials,
        ^^^^^^^^^^^^^^^^^^^^^^^^
    ...<7 lines>...
        api_audience=self._client_options.api_audience,
        ^^^^^^^^^^^^^^^^^^^^^^^^^^^^^^^^^^^^^^^^^^^^^^^
    )
    ^
  File "/home/suryaremanan/Documents/gemini-hackathon/BatteryForgeAI/backend/venv/lib/python3.13/site-packages/google/ai/generativelanguage_v1beta/services/generative_service/transports/grpc.py", line 235, in __init__
    super().__init__(
    ~~~~~~~~~~~~~~~~^
        host=host,
        ^^^^^^^^^^
    ...<6 lines>...
        api_audience=api_audience,
        ^^^^^^^^^^^^^^^^^^^^^^^^^^
    )
    ^
  File "/home/suryaremanan/Documents/gemini-hackathon/BatteryForgeAI/backend/venv/lib/python3.13/site-packages/google/ai/generativelanguage_v1beta/services/generative_service/transports/base.py", line 100, in __init__
    credentials, _ = google.auth.default(
                     ~~~~~~~~~~~~~~~~~~~^
        **scopes_kwargs, quota_project_id=quota_project_id
        ^^^^^^^^^^^^^^^^^^^^^^^^^^^^^^^^^^^^^^^^^^^^^^^^^^
    )
    ^
  File "/home/suryaremanan/Documents/gemini-hackathon/BatteryForgeAI/backend/venv/lib/python3.13/site-packages/google/auth/_default.py", line 752, in default
    raise exceptions.DefaultCredentialsError(_CLOUD_SDK_MISSING_CREDENTIALS)
google.auth.exceptions.DefaultCredentialsError: 
  No API_KEY or ADC found. Please either:
    - Set the `GOOGLE_API_KEY` environment variable.
    - Manually pass the key with `genai.configure(api_key=my_api_key)`.
    - Or set up Application Default Credentials, see https://ai.google.dev/gemini-api/docs/oauth for more information.


[2026-01-28 08:45:19.723420] Error: Traceback (most recent call last):
  File "/home/suryaremanan/Documents/gemini-hackathon/BatteryForgeAI/backend/api/routes.py", line 147, in chat_endpoint
    result = await agent_service.chat(
             ^^^^^^^^^^^^^^^^^^^^^^^^^
    ...<5 lines>...
    )
    ^
  File "/home/suryaremanan/Documents/gemini-hackathon/BatteryForgeAI/backend/services/agent_service.py", line 96, in chat
    return await self._run_fallback_agent(
           ^^^^^^^^^^^^^^^^^^^^^^^^^^^^^^^
    ...<3 lines>...
    )
    ^
  File "/home/suryaremanan/Documents/gemini-hackathon/BatteryForgeAI/backend/services/agent_service.py", line 199, in _run_fallback_agent
    response = chat.send_message([message])
  File "/home/suryaremanan/Documents/gemini-hackathon/BatteryForgeAI/backend/venv/lib/python3.13/site-packages/google/generativeai/generative_models.py", line 591, in send_message
    self.history, content, response = self._handle_afc(
                                      ~~~~~~~~~~~~~~~~^
        response=response,
        ^^^^^^^^^^^^^^^^^^
    ...<5 lines>...
        request_options=request_options,
        ^^^^^^^^^^^^^^^^^^^^^^^^^^^^^^^^
    )
    ^
  File "/home/suryaremanan/Documents/gemini-hackathon/BatteryForgeAI/backend/venv/lib/python3.13/site-packages/google/generativeai/generative_models.py", line 647, in _handle_afc
    fr = tools_lib(fc)
  File "/home/suryaremanan/Documents/gemini-hackathon/BatteryForgeAI/backend/venv/lib/python3.13/site-packages/google/generativeai/types/content_types.py", line 881, in __call__
    response = declaration(fc)
  File "/home/suryaremanan/Documents/gemini-hackathon/BatteryForgeAI/backend/venv/lib/python3.13/site-packages/google/generativeai/types/content_types.py", line 641, in __call__
    result = self.function(**fc.args)
  File "/home/suryaremanan/Documents/gemini-hackathon/BatteryForgeAI/backend/services/gemini_service.py", line 611, in tool_search_knowledge_base
    from services.rag_service import rag_service
  File "/home/suryaremanan/Documents/gemini-hackathon/BatteryForgeAI/backend/services/rag_service.py", line 4, in <module>
    import chromadb
  File "/home/suryaremanan/Documents/gemini-hackathon/BatteryForgeAI/backend/venv/lib/python3.13/site-packages/chromadb/__init__.py", line 8, in <module>
    from chromadb.auth.token_authn import TokenTransportHeader
  File "/home/suryaremanan/Documents/gemini-hackathon/BatteryForgeAI/backend/venv/lib/python3.13/site-packages/chromadb/auth/token_authn/__init__.py", line 24, in <module>
    from chromadb.telemetry.opentelemetry import (
    ...<2 lines>...
    )
  File "/home/suryaremanan/Documents/gemini-hackathon/BatteryForgeAI/backend/venv/lib/python3.13/site-packages/chromadb/telemetry/opentelemetry/__init__.py", line 13, in <module>
    from opentelemetry.exporter.otlp.proto.grpc.trace_exporter import OTLPSpanExporter
  File "/home/suryaremanan/Documents/gemini-hackathon/BatteryForgeAI/backend/venv/lib/python3.13/site-packages/opentelemetry/exporter/otlp/proto/grpc/trace_exporter/__init__.py", line 25, in <module>
    from opentelemetry.exporter.otlp.proto.grpc.exporter import (  # noqa: F401
    ...<4 lines>...
    )
  File "/home/suryaremanan/Documents/gemini-hackathon/BatteryForgeAI/backend/venv/lib/python3.13/site-packages/opentelemetry/exporter/otlp/proto/grpc/exporter.py", line 83, in <module>
    from opentelemetry.sdk._logs import ReadableLogRecord
ImportError: cannot import name 'ReadableLogRecord' from 'opentelemetry.sdk._logs' (/home/suryaremanan/Documents/gemini-hackathon/BatteryForgeAI/backend/venv/lib/python3.13/site-packages/opentelemetry/sdk/_logs/__init__.py)

